// Jest Snapshot v1, https://goo.gl/fbAQLP

exports[`<Link /> should open link with \`to\` and \`meta\` 1`] = `
<a
  href="/here"
  onClick={[Function]}
>
  My Link
</a>
`;
