// Jest Snapshot v1, https://goo.gl/fbAQLP

exports[`React - <Router /> should render children 1`] = `
<div>
  Hello World.
</div>
`;
