// Jest Snapshot v1, https://goo.gl/fbAQLP

exports[`history should be a \`createBrowserHistory\` instance 1`] = `
Object {
  "action": "POP",
  "block": [Function],
  "createHref": [Function],
  "go": [Function],
  "goBack": [Function],
  "goForward": [Function],
  "length": 1,
  "listen": [Function],
  "location": Object {
    "hash": "",
    "pathname": "/myroute/123",
    "search": "",
    "state": undefined,
  },
  "push": [Function],
  "replace": [Function],
}
`;
